PS C:\Users\user> cd C:\Users\user\Desktop\git_challenge
PS C:\Users\user\Desktop\git_challenge> git init
Reinitialized existing Git repository in C:/Users/user/Desktop/git_challenge/.git/
PS C:\Users\user\Desktop\git_challenge> echo "Hello, World!" > hello_world.txt                                      
PS C:\Users\user\Desktop\git_challenge> git commit -m "hello_world.txtを追加"
On branch main

Initial commit

Untracked files:
  (use "git add <file>..." to include in what will be committed)
        hello_world.txt

nothing added to commit but untracked files present (use "git add" to track)
PS C:\Users\user\Desktop\git_challenge> git log --oneline
fatal: your current branch 'main' does not have any commits yet
PS C:\Users\user\Desktop\git_challenge> git add hello_world.txt
PS C:\Users\user\Desktop\git_challenge> git commit -m "hello_world.txtを追加"
[main (root-commit) 8a23424] hello_world.txtを追加
 1 file changed, 0 insertions(+), 0 deletions(-)
 create mode 100644 hello_world.txt
PS C:\Users\user\Desktop\git_challenge> git add hello_world.txt
PS C:\Users\user\Desktop\git_challenge> git commit -m "日本語訳を追記"
[main 531d4bb] 日本語訳を追記
 1 file changed, 0 insertions(+), 0 deletions(-)
PS C:\Users\user\Desktop\git_challenge> git status 
On branch main
nothing to commit, working tree clean
PS C:\Users\user\Desktop\git_challenge> git log --online
fatal: unrecognized argument: --online
PS C:\Users\user\Desktop\git_challenge> git log --oneline
531d4bb (HEAD -> main) 日本語訳を追記
8a23424 hello_world.txtを追加